V3 6
FL "C:/Project Files/Xilinx/Experiment3/ShiftReg/ROTATE.vhd" 2011/07/29.12:48:18 J.30
PH SFR/ROTATE 1311915371 \
      FL "C:/Project Files/Xilinx/Experiment3/ShiftReg/ROTATE.vhd" \
      PB ieee/std_logic_1164 1164799246
PB SFR/ROTATE 1311915372 \
      FL "C:/Project Files/Xilinx/Experiment3/ShiftReg/ROTATE.vhd" PH SFR/ROTATE 1311915371
FL "C:/Project Files/Xilinx/Experiment3/ShiftReg/SHIFT.vhd" 2011/07/29.10:23:58 J.30
PH SFR/SHIFT 1311906244 \
      FL "C:/Project Files/Xilinx/Experiment3/ShiftReg/SHIFT.vhd" \
      PB ieee/std_logic_1164 1164799246
PB SFR/SHIFT 1311906245 \
      FL "C:/Project Files/Xilinx/Experiment3/ShiftReg/SHIFT.vhd" PH SFR/SHIFT 1311906244
