PB rotate rotate "C:/Project Files/Xilinx/Experiment3/ShiftReg/ROTATE.vhd" sub00/vhpl03 1311915372
PH rotate NULL "C:/Project Files/Xilinx/Experiment3/ShiftReg/ROTATE.vhd" sub00/vhpl02 1311915371
PB shift shift "C:/Project Files/Xilinx/Experiment3/ShiftReg/SHIFT.vhd" sub00/vhpl01 1311906245
PH shift NULL "C:/Project Files/Xilinx/Experiment3/ShiftReg/SHIFT.vhd" sub00/vhpl00 1311906244
