EN exp3 NULL "C:/Project Files/Xilinx/Experiment3/ShiftReg/test.vhd" sub00/vhpl04 1311907538
EN pencoder NULL "C:/Project Files/Xilinx/Experiment3/ShiftReg/PEncoder.vhd" sub00/vhpl06 1312174891
AR test behavioral "C:/Project Files/Xilinx/Experiment3/ShiftReg/test.vhd" sub00/vhpl03 1311915224
PB shift shift "C:/Project Files/Xilinx/Experiment3/ShiftReg/SHIFT.vhd" sub00/vhpl01 1311870579
PH shift NULL "C:/Project Files/Xilinx/Experiment3/ShiftReg/SHIFT.vhd" sub00/vhpl00 1311870578
EN test NULL "C:/Project Files/Xilinx/Experiment3/ShiftReg/test.vhd" sub00/vhpl02 1311915223
AR exp3 behavioral "C:/Project Files/Xilinx/Experiment3/ShiftReg/test.vhd" sub00/vhpl05 1311907539
AR pencoder conditional "C:/Project Files/Xilinx/Experiment3/ShiftReg/PEncoder.vhd" sub00/vhpl07 1312174892
