EN twb_test NULL "C:/Project Files/Xilinx/Experiment3/ShiftReg/twb_test.vhw" sub00/vhpl04 1311907814
AR tbw_pencoder testbench_arch "C:/Project Files/Xilinx/Experiment3/ShiftReg/tbw_PEncoder.vhw" sub00/vhpl11 1312104533
AR tbw_rotate testbench_arch "C:/Project Files/Xilinx/Experiment3/ShiftReg/tbw_rotate.vhw" sub00/vhpl07 1311915873
EN pencoder NULL "C:/Project Files/Xilinx/Experiment3/ShiftReg/PEncoder.vhd" sub00/vhpl08 1312104530
EN tbw_rotate NULL "C:/Project Files/Xilinx/Experiment3/ShiftReg/tbw_rotate.vhw" sub00/vhpl06 1311915872
AR test behavioral "C:/Project Files/Xilinx/Experiment3/ShiftReg/test.vhd" sub00/vhpl03 1311915374
PB shift shift "C:/Project Files/Xilinx/Experiment3/ShiftReg/SHIFT.vhd" sub00/vhpl01 1311870833
PH shift NULL "C:/Project Files/Xilinx/Experiment3/ShiftReg/SHIFT.vhd" sub00/vhpl00 1311870832
EN test NULL "C:/Project Files/Xilinx/Experiment3/ShiftReg/test.vhd" sub00/vhpl02 1311915373
AR pencoder conditional "C:/Project Files/Xilinx/Experiment3/ShiftReg/PEncoder.vhd" sub00/vhpl09 1312104531
AR twb_test testbench_arch "C:/Project Files/Xilinx/Experiment3/ShiftReg/twb_test.vhw" sub00/vhpl05 1311907815
EN tbw_pencoder NULL "C:/Project Files/Xilinx/Experiment3/ShiftReg/tbw_PEncoder.vhw" sub00/vhpl10 1312104532
