V3 6
FL "C:/Project Files/Xilinx/Experiment3/ShiftReg/ROTATE.vhd" 2011/07/29.12:48:18 J.30
PH SFR/ROTATE 1311915221 \
      FL "C:/Project Files/Xilinx/Experiment3/ShiftReg/ROTATE.vhd" \
      PB ieee/std_logic_1164 1163575071
PB SFR/ROTATE 1311915222 \
      FL "C:/Project Files/Xilinx/Experiment3/ShiftReg/ROTATE.vhd" PH SFR/ROTATE 1311915221
FL "C:/Project Files/Xilinx/Experiment3/ShiftReg/SHIFT.vhd" 2011/07/29.11:14:20 J.30
PH SFR/SHIFT 1311915117 \
      FL "C:/Project Files/Xilinx/Experiment3/ShiftReg/SHIFT.vhd" \
      PB ieee/std_logic_1164 1163575071
PB SFR/SHIFT 1311909388 \
      FL "C:/Project Files/Xilinx/Experiment3/ShiftReg/SHIFT.vhd" PH SFR/SHIFT 1311915117
