V3 3
FL "C:/Project Files/Xilinx/Experiment3/ShiftReg/SHIFT.vhd" 2011/07/29.00:33:45 J.30
PH ShiftOperations/SHIFT 1311871136 \
      FL "C:/Project Files/Xilinx/Experiment3/ShiftReg/SHIFT.vhd" \
      PB ieee/std_logic_1164 1163575071
PB ShiftOperations/SHIFT 1311871137 \
      FL "C:/Project Files/Xilinx/Experiment3/ShiftReg/SHIFT.vhd" \
      PH ShiftOperations/SHIFT 1311871136
